// Vitest Snapshot v1, https://vitest.dev/guide/snapshot.html

exports[`App > renders 1`] = `
<DocumentFragment>
  <h1>
    Retail Calculator
  </h1>
  <form
    class="flex flex-col gap-4 mt-8"
  >
    <div
      class="flex justify-between"
    >
      <label
        for="numItems"
      >
        Number of items
      </label>
      <input
        id="numItems"
        min="0"
        name="numItems"
        type="number"
      />
    </div>
    <div
      class="flex justify-between"
    >
      <label
        for="pricePerItem"
      >
        Price per item ($)
      </label>
      <input
        id="pricePerItem"
        min="0"
        name="pricePerItem"
        type="number"
      />
    </div>
    <div
      class="flex justify-between"
    >
      <label
        for="stateCode"
      >
        State code
      </label>
      <select
        id="stateCode"
        name="stateCode"
      >
        <option
          value="AUK"
        >
          AUK
        </option>
        <option
          value="WLG"
        >
          WLG
        </option>
        <option
          value="WAI"
        >
          WAI
        </option>
        <option
          value="CHC"
        >
          CHC
        </option>
        <option
          value="TAS"
        >
          TAS
        </option>
      </select>
    </div>
    <button>
      Calculate total
    </button>
  </form>
</DocumentFragment>
`;
