// Vitest Snapshot v1, https://vitest.dev/guide/snapshot.html

exports[`App > renders 1`] = `
<DocumentFragment>
  <h1>
    Retail Calculator
  </h1>
  <form
    action="javascript:throw new Error('A React form was unexpectedly submitted. If you called form.submit() manually, consider using form.requestSubmit() instead. If you\\'re trying to use event.stopPropagation() in a submit event handler, consider also calling event.preventDefault().')"
    class="flex flex-col gap-4 mt-8"
  >
    <div
      class="flex justify-between"
    >
      <label
        for="items"
      >
        Number of items
      </label>
      <input
        id="items"
        min="0"
        name="items"
        type="number"
      />
    </div>
    <div
      class="flex justify-between"
    >
      <label
        for="price"
      >
        Price per item ($)
      </label>
      <input
        id="price"
        min="0"
        name="price"
        step="any"
        type="number"
      />
    </div>
    <div
      class="flex justify-between"
    >
      <label
        for="state"
      >
        State code
      </label>
      <select
        id="state"
        name="state"
      >
        <option
          value="AUK"
        >
          AUK
        </option>
        <option
          value="WLG"
        >
          WLG
        </option>
        <option
          value="WAI"
        >
          WAI
        </option>
        <option
          value="CHC"
        >
          CHC
        </option>
        <option
          value="TAS"
        >
          TAS
        </option>
      </select>
    </div>
    <button
      class="mt-4"
    >
      Calculate total
    </button>
  </form>
  <div
    class="flex justify-between mt-8"
  >
    <label
      for="total"
    >
      Total
    </label>
    <output
      id="total"
    >
      $0.00
    </output>
  </div>
</DocumentFragment>
`;
